  JAVA_HOME=/Library/Java/JavaVirtualMachines/jdk-8-latest/Contents/Home
  ./gradlew test
  To honour the JVM settings for this build a new JVM will be forked. Please consider using the daemon: https://docs.gradle.org/5.4.1/userguide/gradle_daemon.html.
  Daemon will be stopped at the end of the build stopping after processing
  > Task :compileKotlin UP-TO-DATE
  > Task :compileJava UP-TO-DATE
  > Task :patchPluginXml UP-TO-DATE
  > Task :processResources UP-TO-DATE
  > Task :classes UP-TO-DATE
  > Task :instrumentCode SKIPPED
  > Task :postInstrumentCode SKIPPED
  > Task :compileTestKotlin UP-TO-DATE
  > Task :compileTestJava UP-TO-DATE
  > Task :processTestResources UP-TO-DATE
  > Task :testClasses UP-TO-DATE
  > Task :instrumentTestCode SKIPPED
  > Task :postInstrumentTestCode SKIPPED
  > Task :inspectClassesForKotlinIC UP-TO-DATE
  > Task :jar UP-TO-DATE
  > Task :prepareTestingSandbox UP-TO-DATE
  > Task :test UP-TO-DATE
  
  Deprecated Gradle features were used in this build, making it incompatible with Gradle 6.0.
  Use '--warning-mode all' to show the individual deprecation warnings.
  See https://docs.gradle.org/5.4.1/userguide/command_line_interface.html#sec:command_line_warnings
  
  BUILD SUCCESSFUL in 9s
  11 actionable tasks: 11 up-to-date
